
Memory Configuration

Name             Origin             Length             Attributes
flash            0x08000000         0x00020000         xr
sram             0x20000000         0x00005000         xrw
*default*        0x00000000         0xffffffff

Linker script and memory map


.text           0x08000000      0x1f4
 *(.vectors*)
 .vectors       0x08000000       0x1c startup2.o
                0x08000000                vectors
 .vectors       0x0800001c       0x50 startup.o
 *(.text*)
 .text          0x0800006c       0xc0 main.o
                0x0800006c                NMI_Fault_Handler
                0x08000078                Bus_Fault_Handler
                0x08000084                main
 .text          0x0800012c       0xbc startup2.o
                0x0800012c                MM_Fault_Handler
                0x0800012c                Default_Handler
                0x0800012c                Usage_Fault_Handler
                0x0800012c                H_Fault_Handler
                0x08000138                Rest_Handler
 .text          0x080001e8        0x8 startup.o
 *(.rodata)
 .rodata        0x080001f0        0x4 main.o
                0x080001f0                const_variables
                0x080001f4                _E_text = .

.glue_7         0x080001f4        0x0
 .glue_7        0x00000000        0x0 linker stubs

.glue_7t        0x080001f4        0x0
 .glue_7t       0x00000000        0x0 linker stubs

.vfp11_veneer   0x080001f4        0x0
 .vfp11_veneer  0x00000000        0x0 linker stubs

.v4_bx          0x080001f4        0x0
 .v4_bx         0x00000000        0x0 linker stubs

.iplt           0x080001f4        0x0
 .iplt          0x00000000        0x0 main.o

.rel.dyn        0x080001f4        0x0
 .rel.iplt      0x00000000        0x0 main.o

.data           0x20000000        0x8 load address 0x080001f4
                0x20000000                _S_data = .
 *(.data)
 .data          0x20000000        0x8 main.o
                0x20000000                R_ODR
                0x20000004                g_variables
 .data          0x20000008        0x0 startup2.o
 .data          0x20000008        0x0 startup.o
                0x20000008                _E_data = .

.igot.plt       0x20000008        0x0 load address 0x080001fc
 .igot.plt      0x00000000        0x0 main.o

.bss            0x20000008     0x1000 load address 0x080001fc
                0x20000008                _S_bss = .
 *(.bss*)
 .bss           0x20000008        0x0 main.o
 .bss           0x20000008        0x0 startup2.o
 .bss           0x20000008        0x0 startup.o
                0x20000008                . = ALIGN (0x4)
                0x20000008                _E_bss = .
                0x20000008                . = ALIGN (0x4)
                0x20001008                . = (. + 0x1000)
 *fill*         0x20000008     0x1000 
                0x20001008                _stack_top = .
LOAD main.o
LOAD startup2.o
LOAD startup.o
OUTPUT(learn-in-depth.elf elf32-littlearm)

.debug_info     0x00000000      0x332
 .debug_info    0x00000000      0x142 main.o
 .debug_info    0x00000142      0x168 startup2.o
 .debug_info    0x000002aa       0x88 startup.o

.debug_abbrev   0x00000000      0x1d3
 .debug_abbrev  0x00000000       0xfd main.o
 .debug_abbrev  0x000000fd       0xc2 startup2.o
 .debug_abbrev  0x000001bf       0x14 startup.o

.debug_loc      0x00000000       0xf4
 .debug_loc     0x00000000       0x90 main.o
 .debug_loc     0x00000090       0x64 startup2.o

.debug_aranges  0x00000000       0x60
 .debug_aranges
                0x00000000       0x20 main.o
 .debug_aranges
                0x00000020       0x20 startup2.o
 .debug_aranges
                0x00000040       0x20 startup.o

.debug_line     0x00000000      0x146
 .debug_line    0x00000000       0x5c main.o
 .debug_line    0x0000005c       0xaf startup2.o
 .debug_line    0x0000010b       0x3b startup.o

.debug_str      0x00000000      0x1ba
 .debug_str     0x00000000       0xef main.o
 .debug_str     0x000000ef       0xcb startup2.o
                                0x178 (size before relaxing)

.comment        0x00000000       0x11
 .comment       0x00000000       0x11 main.o
                                 0x12 (size before relaxing)
 .comment       0x00000000       0x12 startup2.o

.ARM.attributes
                0x00000000       0x31
 .ARM.attributes
                0x00000000       0x33 main.o
 .ARM.attributes
                0x00000033       0x33 startup2.o
 .ARM.attributes
                0x00000066       0x21 startup.o

.debug_frame    0x00000000       0xa8
 .debug_frame   0x00000000       0x5c main.o
 .debug_frame   0x0000005c       0x4c startup2.o
